// Jest Snapshot v1, https://goo.gl/fbAQLP

exports[`Test component <GifGridItem /> should display the component correctly 1`] = `
<div
  className="card animate__animated animate__fadeIn"
>
  <img
    alt="title"
    src="https://localhost/algo.jpg"
  />
  <p>
    title
  </p>
</div>
`;
